[demo.hasthemes.com/adomx-preview/light/index.html]
[backblue.gif]
[fade.gif]
[index.html]
[demo.hasthemes.com/adomx-preview/light/assets/images/favicon.ico]
[demo.hasthemes.com/adomx-preview/light/assets/css/vendor/bootstrap.min.css]
[demo.hasthemes.com/adomx-preview/light/assets/css/vendor/material-design-iconic-font.min.css]
[demo.hasthemes.com/adomx-preview/light/assets/css/vendor/font-awesome.min.css]
[demo.hasthemes.com/adomx-preview/light/assets/css/vendor/themify-icons.css]
[demo.hasthemes.com/adomx-preview/light/assets/css/vendor/cryptocurrency-icons.css]
[demo.hasthemes.com/adomx-preview/light/assets/css/plugins/plugins.css]
[demo.hasthemes.com/adomx-preview/light/assets/css/helper.css]
[demo.hasthemes.com/adomx-preview/light/assets/css/style.css]
[demo.hasthemes.com/adomx-preview/light/assets/images/logo/logo.png]
[demo.hasthemes.com/adomx-preview/light/assets/images/logo/logo-light.png]
[demo.hasthemes.com/adomx-preview/light/assets/images/flags/flag-1.jpg]
[demo.hasthemes.com/adomx-preview/light/assets/css/style-primary.css]
[demo.hasthemes.com/adomx-preview/light/assets/images/flags/flag-2.jpg]
[demo.hasthemes.com/adomx-preview/light/assets/images/flags/flag-3.jpg]
[demo.hasthemes.com/adomx-preview/light/assets/images/flags/flag-4.jpg]
[demo.hasthemes.com/adomx-preview/light/assets/images/avatar/avatar-2.jpg]
[demo.hasthemes.com/adomx-preview/light/assets/images/avatar/avatar-1.jpg]
[demo.hasthemes.com/adomx-preview/light/index-crypto.html]
[demo.hasthemes.com/adomx-preview/light/widgets.html]
[demo.hasthemes.com/adomx-preview/light/elements-alerts.html]
[demo.hasthemes.com/adomx-preview/light/elements-accordions.html]
[demo.hasthemes.com/adomx-preview/light/elements-avatar.html]
[demo.hasthemes.com/adomx-preview/light/elements-badge.html]
[demo.hasthemes.com/adomx-preview/light/elements-buttons.html]
[demo.hasthemes.com/adomx-preview/light/elements-carousel.html]
[demo.hasthemes.com/adomx-preview/light/elements-dropdown.html]
[demo.hasthemes.com/adomx-preview/light/elements-list-group.html]
[demo.hasthemes.com/adomx-preview/light/elements-media.html]
[demo.hasthemes.com/adomx-preview/light/elements-modal.html]
[demo.hasthemes.com/adomx-preview/light/elements-pagination.html]
[demo.hasthemes.com/adomx-preview/light/elements-progress.html]
[demo.hasthemes.com/adomx-preview/light/elements-spinners.html]
[demo.hasthemes.com/adomx-preview/light/elements-tabs.html]
[demo.hasthemes.com/adomx-preview/light/elements-tooltip.html]
[demo.hasthemes.com/adomx-preview/light/elements-typography.html]
[demo.hasthemes.com/adomx-preview/light/elements-clipboard.html]
[demo.hasthemes.com/adomx-preview/light/elements-fullcalendar.html]
[demo.hasthemes.com/adomx-preview/light/elements-media-player.html]
[demo.hasthemes.com/adomx-preview/light/elements-sortable.html]
[demo.hasthemes.com/adomx-preview/light/elements-toastr.html]
[demo.hasthemes.com/adomx-preview/light/elements-rating.html]
[demo.hasthemes.com/adomx-preview/light/elements-sweetalert.html]
[demo.hasthemes.com/adomx-preview/light/icons-cryptocurrency.html]
[demo.hasthemes.com/adomx-preview/light/icons-fontawesome.html]
[demo.hasthemes.com/adomx-preview/light/icons-material.html]
[demo.hasthemes.com/adomx-preview/light/icons-themify.html]
[demo.hasthemes.com/adomx-preview/light/form-basic-elements.html]
[demo.hasthemes.com/adomx-preview/light/form-checkbox.html]
[demo.hasthemes.com/adomx-preview/light/form-date-mask.html]
[demo.hasthemes.com/adomx-preview/light/form-editor.html]
[demo.hasthemes.com/adomx-preview/light/form-file-upload.html]
[demo.hasthemes.com/adomx-preview/light/form-layout.html]
[demo.hasthemes.com/adomx-preview/light/form-radio.html]
[demo.hasthemes.com/adomx-preview/light/form-range-slider.html]
[demo.hasthemes.com/adomx-preview/light/form-selects.html]
[demo.hasthemes.com/adomx-preview/light/form-switchers.html]
[demo.hasthemes.com/adomx-preview/light/form-wizard.html]
[demo.hasthemes.com/adomx-preview/light/table-basic.html]
[demo.hasthemes.com/adomx-preview/light/table-data-table.html]
[demo.hasthemes.com/adomx-preview/light/table-footable.html]
[demo.hasthemes.com/adomx-preview/light/table-jsgrid.html]
[demo.hasthemes.com/adomx-preview/light/chart-chartjs.html]
[demo.hasthemes.com/adomx-preview/light/chart-echarts.html]
[demo.hasthemes.com/adomx-preview/light/chart-google.html]
[demo.hasthemes.com/adomx-preview/light/chart-morris.html]
[demo.hasthemes.com/adomx-preview/light/chart-sparkline.html]
[demo.hasthemes.com/adomx-preview/light/map-vector.html]
[demo.hasthemes.com/adomx-preview/light/map-google.html]
[demo.hasthemes.com/adomx-preview/light/add-product.html]
[demo.hasthemes.com/adomx-preview/light/edit-product.html]
[demo.hasthemes.com/adomx-preview/light/invoice-list.html]
[demo.hasthemes.com/adomx-preview/light/invoice-details.html]
[demo.hasthemes.com/adomx-preview/light/order-list.html]
[demo.hasthemes.com/adomx-preview/light/order-details.html]
[demo.hasthemes.com/adomx-preview/light/manage-products.html]
[demo.hasthemes.com/adomx-preview/light/chat.html]
[demo.hasthemes.com/adomx-preview/light/mail.html]
[demo.hasthemes.com/adomx-preview/light/single-mail.html]
[demo.hasthemes.com/adomx-preview/light/todo-list.html]
[demo.hasthemes.com/adomx-preview/light/login.html]
[demo.hasthemes.com/adomx-preview/light/register.html]
[demo.hasthemes.com/adomx-preview/light/author-profile.html]
[demo.hasthemes.com/adomx-preview/light/blank.html]
[demo.hasthemes.com/adomx-preview/light/timeline.html]
[demo.hasthemes.com/adomx-preview/light/pricing.html]
[demo.hasthemes.com/adomx-preview/light/error-1.html]
[demo.hasthemes.com/adomx-preview/light/error-2.html]
[demo.hasthemes.com/adomx-preview/light/assets/images/product/list-product-1.jpg]
[demo.hasthemes.com/adomx-preview/light/assets/images/product/list-product-2.jpg]
[demo.hasthemes.com/adomx-preview/light/assets/images/product/list-product-3.jpg]
[demo.hasthemes.com/adomx-preview/light/assets/images/product/list-product-4.jpg]
[demo.hasthemes.com/adomx-preview/light/assets/images/comment/comment-1.jpg]
[demo.hasthemes.com/adomx-preview/light/assets/images/comment/comment-2.jpg]
[demo.hasthemes.com/adomx-preview/light/assets/images/comment/comment-3.jpg]
[demo.hasthemes.com/adomx-preview/light/assets/js/vendor/modernizr-3.6.0.min.js]
[demo.hasthemes.com/adomx-preview/light/assets/js/vendor/jquery-3.3.1.min.js]
[demo.hasthemes.com/adomx-preview/light/assets/js/vendor/popper.min.js]
[demo.hasthemes.com/adomx-preview/light/assets/js/vendor/bootstrap.min.js]
[demo.hasthemes.com/adomx-preview/light/assets/js/plugins/perfect-scrollbar.min.js]
[demo.hasthemes.com/adomx-preview/light/assets/js/plugins/tippy4.min.js.js]
[demo.hasthemes.com/adomx-preview/light/assets/js/main.js]
[demo.hasthemes.com/adomx-preview/light/assets/js/plugins/moment/moment.min.js]
[demo.hasthemes.com/adomx-preview/light/assets/js/plugins/daterangepicker/daterangepicker.js]
[demo.hasthemes.com/adomx-preview/light/assets/js/plugins/daterangepicker/daterangepicker.active.js]
[demo.hasthemes.com/adomx-preview/light/assets/js/plugins/chartjs/Chart.min.js]
[demo.hasthemes.com/adomx-preview/light/assets/js/plugins/chartjs/chartjs.active.js]
[demo.hasthemes.com/adomx-preview/light/assets/js/plugins/vmap/jquery.vmap.min.js]
[demo.hasthemes.com/adomx-preview/light/assets/js/plugins/vmap/maps/jquery.vmap.world.js]
[demo.hasthemes.com/adomx-preview/light/assets/js/plugins/vmap/maps/samples/jquery.vmap.sampledata.js]
[demo.hasthemes.com/adomx-preview/light/index.html]
[demo.hasthemes.com/adomx-preview/light/assets/css/vendor/bootstrap.min.css]
[demo.hasthemes.com/adomx-preview/light/assets/js/plugins/vmap/vmap.active.js]
[demo.hasthemes.com/adomx-preview/light/assets/fonts/Material-Design-Iconic-Fontd1f1.woff2]
[demo.hasthemes.com/adomx-preview/light/assets/fonts/Material-Design-Iconic-Fontd1f1.woff]
[demo.hasthemes.com/adomx-preview/light/assets/css/vendor/material-design-iconic-font.min.css]
[demo.hasthemes.com/adomx-preview/light/assets/fonts/Material-Design-Iconic-Fontd1f1.ttf]
[demo.hasthemes.com/adomx-preview/light/assets/fonts/fontawesome-webfont3e6e.eot]
[demo.hasthemes.com/adomx-preview/light/assets/fonts/fontawesome-webfontd41d.eot]
[demo.hasthemes.com/adomx-preview/light/assets/fonts/fontawesome-webfont3e6e.woff2]
[demo.hasthemes.com/adomx-preview/light/assets/fonts/fontawesome-webfont3e6e.woff]
[demo.hasthemes.com/adomx-preview/light/assets/fonts/fontawesome-webfont3e6e.ttf]
[demo.hasthemes.com/adomx-preview/light/assets/css/vendor/font-awesome.min.css]
[demo.hasthemes.com/adomx-preview/light/assets/fonts/fontawesome-webfont3e6e.svg]
[demo.hasthemes.com/adomx-preview/light/assets/fonts/themify9f24.eot]
[demo.hasthemes.com/adomx-preview/light/assets/fonts/themifyd41d.eot]
[demo.hasthemes.com/adomx-preview/light/assets/fonts/themify9f24.woff]
[demo.hasthemes.com/adomx-preview/light/assets/fonts/themify9f24.ttf]
[demo.hasthemes.com/adomx-preview/light/assets/css/vendor/themify-icons.css]
[demo.hasthemes.com/adomx-preview/light/assets/fonts/cryptocurrency-icons.eot]
[demo.hasthemes.com/adomx-preview/light/assets/fonts/themify9f24.svg]
[demo.hasthemes.com/adomx-preview/light/assets/fonts/cryptocurrency-iconsd41d.eot]
[demo.hasthemes.com/adomx-preview/light/assets/css/vendor/cryptocurrency-icons.css]
[demo.hasthemes.com/adomx-preview/light/assets/css/plugins/plugins.css]
[demo.hasthemes.com/adomx-preview/light/assets/css/helper.css]
[demo.hasthemes.com/adomx-preview/light/assets/css/style.css]
[demo.hasthemes.com/adomx-preview/light/assets/css/style-primary.css]
[demo.hasthemes.com/adomx-preview/light/index-crypto.html]
[demo.hasthemes.com/adomx-preview/light/widgets.html]
[demo.hasthemes.com/adomx-preview/light/elements-alerts.html]
[demo.hasthemes.com/adomx-preview/light/elements-accordions.html]
[demo.hasthemes.com/adomx-preview/light/elements-avatar.html]
[demo.hasthemes.com/adomx-preview/light/elements-badge.html]
[demo.hasthemes.com/adomx-preview/light/elements-buttons.html]
[demo.hasthemes.com/adomx-preview/light/elements-carousel.html]
[demo.hasthemes.com/adomx-preview/light/elements-dropdown.html]
[demo.hasthemes.com/adomx-preview/light/elements-list-group.html]
[demo.hasthemes.com/adomx-preview/light/elements-media.html]
[demo.hasthemes.com/adomx-preview/light/elements-modal.html]
[demo.hasthemes.com/adomx-preview/light/elements-pagination.html]
[demo.hasthemes.com/adomx-preview/light/elements-progress.html]
[demo.hasthemes.com/adomx-preview/light/elements-spinners.html]
[demo.hasthemes.com/adomx-preview/light/elements-tabs.html]
[demo.hasthemes.com/adomx-preview/light/elements-tooltip.html]
[demo.hasthemes.com/adomx-preview/light/elements-typography.html]
[demo.hasthemes.com/adomx-preview/light/elements-clipboard.html]
[demo.hasthemes.com/adomx-preview/light/elements-fullcalendar.html]
[demo.hasthemes.com/adomx-preview/light/elements-media-player.html]
[demo.hasthemes.com/adomx-preview/light/elements-sortable.html]
[demo.hasthemes.com/adomx-preview/light/elements-toastr.html]
[demo.hasthemes.com/adomx-preview/light/elements-rating.html]
[demo.hasthemes.com/adomx-preview/light/elements-sweetalert.html]
[demo.hasthemes.com/adomx-preview/light/icons-cryptocurrency.html]
[demo.hasthemes.com/adomx-preview/light/icons-fontawesome.html]
[demo.hasthemes.com/adomx-preview/light/icons-material.html]
[demo.hasthemes.com/adomx-preview/light/icons-themify.html]
[demo.hasthemes.com/adomx-preview/light/form-basic-elements.html]
[demo.hasthemes.com/adomx-preview/light/form-checkbox.html]
[demo.hasthemes.com/adomx-preview/light/form-date-mask.html]
[demo.hasthemes.com/adomx-preview/light/form-editor.html]
[demo.hasthemes.com/adomx-preview/light/form-file-upload.html]
[demo.hasthemes.com/adomx-preview/light/form-layout.html]
[demo.hasthemes.com/adomx-preview/light/form-radio.html]
[demo.hasthemes.com/adomx-preview/light/form-range-slider.html]
[demo.hasthemes.com/adomx-preview/light/form-selects.html]
[demo.hasthemes.com/adomx-preview/light/form-switchers.html]
[demo.hasthemes.com/adomx-preview/light/form-wizard.html]
[demo.hasthemes.com/adomx-preview/light/table-basic.html]
[demo.hasthemes.com/adomx-preview/light/table-data-table.html]
[demo.hasthemes.com/adomx-preview/light/table-footable.html]
[demo.hasthemes.com/adomx-preview/light/table-jsgrid.html]
[demo.hasthemes.com/adomx-preview/light/chart-chartjs.html]
[demo.hasthemes.com/adomx-preview/light/chart-echarts.html]
[demo.hasthemes.com/adomx-preview/light/chart-google.html]
[demo.hasthemes.com/adomx-preview/light/chart-morris.html]
[demo.hasthemes.com/adomx-preview/light/chart-sparkline.html]
[demo.hasthemes.com/adomx-preview/light/map-vector.html]
[demo.hasthemes.com/adomx-preview/light/map-google.html]
[demo.hasthemes.com/adomx-preview/light/add-product.html]
[demo.hasthemes.com/adomx-preview/light/edit-product.html]
[demo.hasthemes.com/adomx-preview/light/invoice-list.html]
[demo.hasthemes.com/adomx-preview/light/invoice-details.html]
[demo.hasthemes.com/adomx-preview/light/order-list.html]
[demo.hasthemes.com/adomx-preview/light/order-details.html]
[demo.hasthemes.com/adomx-preview/light/manage-products.html]
[demo.hasthemes.com/adomx-preview/light/chat.html]
[demo.hasthemes.com/adomx-preview/light/mail.html]
[demo.hasthemes.com/adomx-preview/light/single-mail.html]
[demo.hasthemes.com/adomx-preview/light/todo-list.html]
[demo.hasthemes.com/adomx-preview/light/login.html]
[demo.hasthemes.com/adomx-preview/light/register.html]
[demo.hasthemes.com/adomx-preview/light/author-profile.html]
[demo.hasthemes.com/adomx-preview/light/blank.html]
[demo.hasthemes.com/adomx-preview/light/timeline.html]
[demo.hasthemes.com/adomx-preview/light/pricing.html]
[demo.hasthemes.com/adomx-preview/light/error-1.html]
[demo.hasthemes.com/adomx-preview/light/error-2.html]
[demo.hasthemes.com/adomx-preview/light/assets/fonts/fontawesome-webfont3e6e.svg]
[demo.hasthemes.com/adomx-preview/light/assets/fonts/themify9f24.svg]
[demo.hasthemes.com/adomx-preview/light/assets/fonts/cryptocurrency-icons.eot]
[demo.hasthemes.com/adomx-preview/light/assets/fonts/cryptocurrency-iconsd41d.eot]
[demo.hasthemes.com/adomx-preview/light/assets/fonts/cryptocurrency-icons.woff2]
[demo.hasthemes.com/adomx-preview/light/assets/fonts/cryptocurrency-icons.woff]
[demo.hasthemes.com/adomx-preview/light/assets/fonts/cryptocurrency-icons.ttf]
[demo.hasthemes.com/adomx-preview/light/assets/fonts/cryptocurrency-icons.svg]
[demo.hasthemes.com/adomx-preview/light/assets/fonts/dropify.eot]
[demo.hasthemes.com/adomx-preview/light/assets/fonts/dropify.woff]
[demo.hasthemes.com/adomx-preview/light/assets/fonts/dropify.ttf]
[demo.hasthemes.com/adomx-preview/light/assets/fonts/dropify.svg]
[demo.hasthemes.com/adomx-preview/light/assets/fonts/summernotec360.eot]
[demo.hasthemes.com/adomx-preview/light/assets/fonts/summernotec360.woff]
[demo.hasthemes.com/adomx-preview/light/assets/fonts/summernotec360.ttf]
[demo.hasthemes.com/adomx-preview/light/assets/images/icons/select-arrow-down.png]
[demo.hasthemes.com/adomx-preview/light/assets/images/bg/header-mail-bg.jpg]
[demo.hasthemes.com/adomx-preview/light/assets/images/bg/author-top-bg.jpg]
[demo.hasthemes.com/adomx-preview/light/assets/images/gallery/profile-gallery-video-1.jpg]
[demo.hasthemes.com/adomx-preview/light/assets/images/bg/login-register-bg.jpg]
[demo.hasthemes.com/adomx-preview/light/assets/images/error/error-2.png]
[demo.hasthemes.com/adomx-preview/light/assets/images/icons/cryptocurrency-top-sale-report-1.png]
[demo.hasthemes.com/adomx-preview/light/assets/images/icons/cryptocurrency-top-sale-report-2.png]
[demo.hasthemes.com/adomx-preview/light/assets/images/icons/cryptocurrency-top-sale-report-3.png]
[demo.hasthemes.com/adomx-preview/light/assets/images/icons/cryptocurrency-top-sale-report-4.png]
[demo.hasthemes.com/adomx-preview/light/assets/images/product/list-product-5.jpg]
[demo.hasthemes.com/adomx-preview/light/assets/images/carousel/carousel-1.jpg]
[demo.hasthemes.com/adomx-preview/light/assets/images/carousel/carousel-2.jpg]
[demo.hasthemes.com/adomx-preview/light/assets/images/carousel/carousel-3.jpg]
[demo.hasthemes.com/adomx-preview/light/assets/images/carousel/carousel-4.jpg]
[demo.hasthemes.com/adomx-preview/light/assets/images/carousel/carousel-5.jpg]
[demo.hasthemes.com/adomx-preview/light/assets/images/carousel/carousel-6.jpg]
[demo.hasthemes.com/adomx-preview/light/assets/images/carousel/carousel-7.jpg]
[demo.hasthemes.com/adomx-preview/light/assets/images/carousel/carousel-8.jpg]
[demo.hasthemes.com/adomx-preview/light/assets/images/carousel/carousel-9.jpg]
[demo.hasthemes.com/adomx-preview/light/assets/images/carousel/carousel-10.jpg]
[demo.hasthemes.com/adomx-preview/light/assets/images/carousel/carousel-11.jpg]
[demo.hasthemes.com/adomx-preview/light/assets/images/carousel/carousel-12.jpg]
[demo.hasthemes.com/adomx-preview/light/assets/images/team/team-small-1.jpg]
[demo.hasthemes.com/adomx-preview/light/assets/images/team/team-small-2.jpg]
[demo.hasthemes.com/adomx-preview/light/assets/images/team/team-small-3.jpg]
[demo.hasthemes.com/adomx-preview/light/assets/images/team/team-small-4.jpg]
[demo.hasthemes.com/adomx-preview/light/assets/images/team/team-small-5.jpg]
[demo.hasthemes.com/adomx-preview/light/assets/js/plugins/clipboard/clipboard.min.js]
[demo.hasthemes.com/adomx-preview/light/assets/js/plugins/clipboard/clipboard.active.js]
[demo.hasthemes.com/adomx-preview/light/assets/js/plugins/fullcalendar/fullcalendar.min.js]
[demo.hasthemes.com/adomx-preview/light/assets/js/plugins/fullcalendar/fullcalendar.active.js]
[demo.hasthemes.com/adomx-preview/light/assets/images/bg/video-1-poster.jpg]
[demo.hasthemes.com/adomx-preview/light/assets/media/video-1-576p.mp4]
[demo.hasthemes.com/adomx-preview/light/assets/media/video-1-720p.mp4]
[demo.hasthemes.com/adomx-preview/light/assets/media/video-1-1080p.mp4]
[demo.hasthemes.com/adomx-preview/light/assets/media/audio-1.mp3]
[demo.hasthemes.com/adomx-preview/light/assets/js/plugins/plyr/plyr.min.js]
[demo.hasthemes.com/adomx-preview/light/assets/js/plugins/plyr/plyr.active.js]
[demo.hasthemes.com/adomx-preview/light/assets/js/plugins/sortable/sortable.min.js]
[demo.hasthemes.com/adomx-preview/light/assets/js/plugins/sortable/sortable.active.js]
[demo.hasthemes.com/adomx-preview/light/assets/js/plugins/toastr/toastr.min.js]
[demo.hasthemes.com/adomx-preview/light/assets/js/plugins/toastr/toastr.active.js]
[demo.hasthemes.com/adomx-preview/light/assets/js/plugins/raty/jquery.raty.js]
[demo.hasthemes.com/adomx-preview/light/assets/js/plugins/raty/raty.active.js]
[demo.hasthemes.com/adomx-preview/light/assets/js/plugins/sweetalert/sweetalert.min.js]
[demo.hasthemes.com/adomx-preview/light/assets/js/plugins/sweetalert/sweetalert.active.js]
[demo.hasthemes.com/adomx-preview/light/assets/js/plugins/inputmask/bootstrap-inputmask.js]
[demo.hasthemes.com/adomx-preview/light/assets/js/plugins/summernote/summernote-bs4.min.js]
[demo.hasthemes.com/adomx-preview/light/assets/js/plugins/summernote/summernote.active.js]
[demo.hasthemes.com/adomx-preview/light/assets/js/plugins/quill/quill.min.js]
[demo.hasthemes.com/adomx-preview/light/assets/js/plugins/quill/quill.active.js]
[demo.hasthemes.com/adomx-preview/light/assets/js/plugins/filepond/filepond.min.js]
[demo.hasthemes.com/adomx-preview/light/assets/js/plugins/filepond/filepond-plugin-image-exif-orientation.min.js]
[demo.hasthemes.com/adomx-preview/light/assets/js/plugins/filepond/filepond-plugin-image-preview.min.js]
[demo.hasthemes.com/adomx-preview/light/assets/js/plugins/filepond/filepond.active.js]
[demo.hasthemes.com/adomx-preview/light/assets/js/plugins/dropify/dropify.min.js]
[demo.hasthemes.com/adomx-preview/light/assets/js/plugins/dropify/dropify.active.js]
[demo.hasthemes.com/adomx-preview/light/assets/js/plugins/select2/select2.full.min.js]
[demo.hasthemes.com/adomx-preview/light/assets/js/plugins/select2/select2.active.js]
[demo.hasthemes.com/adomx-preview/light/assets/js/plugins/ion-rangeslider/ion.rangeSlider.min.js]
[demo.hasthemes.com/adomx-preview/light/assets/js/plugins/ion-rangeslider/ion.rangeSlider.active.js]
[demo.hasthemes.com/adomx-preview/light/assets/js/plugins/nice-select/jquery.nice-select.min.js]
[demo.hasthemes.com/adomx-preview/light/assets/js/plugins/nice-select/niceSelect.active.js]
[demo.hasthemes.com/adomx-preview/light/assets/js/plugins/bootstrap-select/bootstrap-select.min.js]
[demo.hasthemes.com/adomx-preview/light/assets/js/plugins/bootstrap-select/bootstrapSelect.active.js]
[demo.hasthemes.com/adomx-preview/light/assets/js/plugins/smartWizard/jquery.smartWizard.min.js]
[demo.hasthemes.com/adomx-preview/light/assets/js/plugins/smartWizard/smartWizard.active.js]
[demo.hasthemes.com/adomx-preview/light/assets/js/plugins/datatables/datatables.min.js]
[demo.hasthemes.com/adomx-preview/light/assets/js/plugins/datatables/datatables.active.js]
[demo.hasthemes.com/adomx-preview/light/assets/js/plugins/footable/footable.min.js]
[demo.hasthemes.com/adomx-preview/light/assets/js/plugins/footable/footable.active.js]
[demo.hasthemes.com/adomx-preview/light/assets/js/plugins/jsgrid/jsgrid.min.js]
[demo.hasthemes.com/adomx-preview/light/assets/js/plugins/jsgrid/jsgrid-db.js]
[demo.hasthemes.com/adomx-preview/light/assets/js/plugins/jsgrid/jsgrid.active.js]
[demo.hasthemes.com/adomx-preview/light/assets/js/plugins/echarts/echarts.min.js]
[demo.hasthemes.com/adomx-preview/light/assets/js/plugins/echarts/echarts.active.js]
[demo.hasthemes.com/adomx-preview/light/assets/js/plugins/google-chart/google-chart.js]
[demo.hasthemes.com/adomx-preview/light/assets/js/plugins/google-chart/google-chart.active.js]
[demo.hasthemes.com/adomx-preview/light/assets/js/plugins/raphael/raphael.min.js]
[demo.hasthemes.com/adomx-preview/light/assets/js/plugins/morris/morris.min.js]
[demo.hasthemes.com/adomx-preview/light/assets/js/plugins/morris/morris.active.js]
[demo.hasthemes.com/adomx-preview/light/assets/js/plugins/sparkline/jquery.sparkline.min.js]
[demo.hasthemes.com/adomx-preview/light/assets/js/plugins/sparkline/sparkline.active.js]
[demo.hasthemes.com/adomx-preview/light/assets/js/plugins/vmap/maps/jquery.vmap.usa.js]
[demo.hasthemes.com/adomx-preview/light/assets/js/plugins/vmap/maps/continents/jquery.vmap.asia.js]
[demo.hasthemes.com/adomx-preview/light/assets/js/plugins/vmap/maps/continents/jquery.vmap.australia.js]
[demo.hasthemes.com/adomx-preview/light/assets/js/plugins/vmap/maps/continents/jquery.vmap.europe.js]
[demo.hasthemes.com/adomx-preview/light/assets/js/plugins/vmap/maps/continents/jquery.vmap.africa.js]
[demo.hasthemes.com/adomx-preview/light/assets/js/plugins/google-map/googlemap.active.js]
[demo.hasthemes.com/adomx-preview/light/assets/images/comment/comment-4.jpg]
[demo.hasthemes.com/adomx-preview/light/assets/images/comment/comment-5.jpg]
[demo.hasthemes.com/adomx-preview/light/assets/images/comment/comment-6.jpg]
[demo.hasthemes.com/adomx-preview/light/assets/images/comment/comment-7.jpg]
[demo.hasthemes.com/adomx-preview/light/assets/images/comment/comment-8.jpg]
[demo.hasthemes.com/adomx-preview/light/assets/images/comment/comment-9.jpg]
[demo.hasthemes.com/adomx-preview/light/assets/images/icons/doc.png]
[demo.hasthemes.com/adomx-preview/light/assets/images/icons/pdf.png]
[demo.hasthemes.com/adomx-preview/light/assets/images/icons/zip.png]
[demo.hasthemes.com/adomx-preview/light/assets/images/mail/attach-1.png]
[demo.hasthemes.com/adomx-preview/light/assets/images/avatar/profile.jpg]
[demo.hasthemes.com/adomx-preview/light/assets/images/gallery/profile-gallery-1.jpg]
[demo.hasthemes.com/adomx-preview/light/assets/images/gallery/profile-gallery-2.jpg]
[demo.hasthemes.com/adomx-preview/light/assets/images/gallery/profile-gallery-3.jpg]
[demo.hasthemes.com/adomx-preview/light/assets/images/gallery/profile-gallery-4.jpg]
[demo.hasthemes.com/adomx-preview/light/assets/images/icons/pricing-one-1.png]
[demo.hasthemes.com/adomx-preview/light/assets/images/icons/pricing-one-2.png]
[demo.hasthemes.com/adomx-preview/light/assets/images/icons/pricing-one-3.png]
[demo.hasthemes.com/adomx-preview/light/assets/images/icons/pricing-two-1.png]
[demo.hasthemes.com/adomx-preview/light/assets/images/icons/pricing-two-2.png]
[demo.hasthemes.com/adomx-preview/light/assets/images/icons/pricing-two-3.png]
[demo.hasthemes.com/adomx-preview/light/assets/images/bg/pricing-four-head-1-bg.jpg]
[demo.hasthemes.com/adomx-preview/light/assets/images/icons/pricing-four-1.png]
[demo.hasthemes.com/adomx-preview/light/assets/images/bg/pricing-four-head-2-bg.jpg]
[demo.hasthemes.com/adomx-preview/light/assets/images/icons/pricing-four-2.png]
[demo.hasthemes.com/adomx-preview/light/assets/images/bg/pricing-four-head-3-bg.jpg]
[demo.hasthemes.com/adomx-preview/light/assets/images/icons/pricing-four-3.png]
[demo.hasthemes.com/adomx-preview/light/assets/images/bg/pricing-four-head-4-bg.jpg]
[demo.hasthemes.com/adomx-preview/light/assets/images/icons/pricing-four-4.png]
[demo.hasthemes.com/adomx-preview/light/assets/images/error/error-1.png]
